# tests no path found
created graph simpleGraph

added node A to simpleGraph
added node B to simpleGraph
added node C to simpleGraph
added node D to simpleGraph

added edge 10.000 from A to D in simpleGraph
added edge 1.000 from A to C in simpleGraph
added edge 1.000 from C to D in simpleGraph
added edge 1.000 from D to C in simpleGraph

path from A to B:
path not found