# Testing Add Multiple Nodes
# Tests that multiple nodes can be added into a created graph

# Create a graph
created graph graph1

# Add three nodes to the graph
added node n1 to graph1
added node n2 to graph1
added node n3 to graph1